2026-08-13 17:33:50 [main] ERROR o.s.boot.SpringApplication - Application run failed
java.lang.IllegalStateException: java.lang.IllegalStateException: Logback configuration error detected: 
ERROR in ch.qos.logback.core.joran.spi.Interpreter@4:11 - no applicable action for [file], current ElementPath  is [[configuration][file]]
	at org.springframework.boot.context.logging.LoggingApplicationListener.initializeSystem(LoggingApplicationListener.java:344)
	at org.springframework.boot.context.logging.LoggingApplicationListener.initialize(LoggingApplicationListener.java:298)
	at org.springframework.boot.context.logging.LoggingApplicationListener.onApplicationEnvironmentPreparedEvent(LoggingApplicationListener.java:246)
	at org.springframework.boot.context.logging.LoggingApplicationListener.onApplicationEvent(LoggingApplicationListener.java:223)
	at org.springframework.context.event.SimpleApplicationEventMulticaster.doInvokeListener(SimpleApplicationEventMulticaster.java:178)
	at org.springframework.context.event.SimpleApplicationEventMulticaster.invokeListener(SimpleApplicationEventMulticaster.java:171)
	at org.springframework.context.event.SimpleApplicationEventMulticaster.multicastEvent(SimpleApplicationEventMulticaster.java:145)
	at org.springframework.context.event.SimpleApplicationEventMulticaster.multicastEvent(SimpleApplicationEventMulticaster.java:133)
	at org.springframework.boot.context.event.EventPublishingRunListener.environmentPrepared(EventPublishingRunListener.java:85)
	at org.springframework.boot.SpringApplicationRunListeners.lambda$environmentPrepared$2(SpringApplicationRunListeners.java:66)
	at java.base/java.util.ArrayList.forEach(ArrayList.java:1604)
	at org.springframework.boot.SpringApplicationRunListeners.doWithListeners(SpringApplicationRunListeners.java:120)
	at org.springframework.boot.SpringApplicationRunListeners.doWithListeners(SpringApplicationRunListeners.java:114)
	at org.springframework.boot.SpringApplicationRunListeners.environmentPrepared(SpringApplicationRunListeners.java:65)
	at org.springframework.boot.SpringApplication.prepareEnvironment(SpringApplication.java:343)
	at org.springframework.boot.SpringApplication.run(SpringApplication.java:301)
	at org.springframework.boot.SpringApplication.run(SpringApplication.java:1303)
	at org.springframework.boot.SpringApplication.run(SpringApplication.java:1292)
	at net.engineeringdigest.journalApp.JournalApplication.main(JournalApplication.java:17)
Caused by: java.lang.IllegalStateException: Logback configuration error detected: 
ERROR in ch.qos.logback.core.joran.spi.Interpreter@4:11 - no applicable action for [file], current ElementPath  is [[configuration][file]]
	at org.springframework.boot.logging.logback.LogbackLoggingSystem.reportConfigurationErrorsIfNecessary(LogbackLoggingSystem.java:189)
	at org.springframework.boot.logging.logback.LogbackLoggingSystem.loadConfiguration(LogbackLoggingSystem.java:170)
	at org.springframework.boot.logging.logback.LogbackLoggingSystem.reinitialize(LogbackLoggingSystem.java:243)
	at org.springframework.boot.logging.AbstractLoggingSystem.initializeWithConventions(AbstractLoggingSystem.java:73)
	at org.springframework.boot.logging.AbstractLoggingSystem.initialize(AbstractLoggingSystem.java:60)
	at org.springframework.boot.logging.logback.LogbackLoggingSystem.initialize(LogbackLoggingSystem.java:132)
	at org.springframework.boot.context.logging.LoggingApplicationListener.initializeSystem(LoggingApplicationListener.java:329)
	... 18 common frames omitted
2026-08-13 17:34:12 [main] INFO  n.e.journalApp.JournalApplication - Starting JournalApplication using Java 25.0.1 on Ezio with PID 11520 (D:\Playground\Engineering Digest\SpringBoot\InitialAuthBasedJournal\journalApp\target\classes started by afaqa in D:\Playground\Engineering Digest\SpringBoot\InitialAuthBasedJournal)
2026-08-13 17:34:12 [main] INFO  n.e.journalApp.JournalApplication - The following 1 profile is active: "dev"
2026-08-13 17:34:12 [main] INFO  o.s.d.r.c.RepositoryConfigurationDelegate - Bootstrapping Spring Data MongoDB repositories in DEFAULT mode.
2026-08-13 17:34:12 [main] INFO  o.s.d.r.c.RepositoryConfigurationDelegate - Finished Spring Data repository scanning in 21 ms. Found 2 MongoDB repository interfaces.
2026-08-13 17:34:13 [main] INFO  o.s.b.w.e.tomcat.TomcatWebServer - Tomcat initialized with port(s): 8080 (http)
2026-08-13 17:34:13 [main] INFO  o.a.coyote.http11.Http11NioProtocol - Initializing ProtocolHandler ["http-nio-8080"]
2026-08-13 17:34:13 [main] INFO  o.a.catalina.core.StandardService - Starting service [Tomcat]
2026-08-13 17:34:13 [main] INFO  o.a.catalina.core.StandardEngine - Starting Servlet engine: [Apache Tomcat/9.0.80]
2026-08-13 17:34:13 [main] INFO  o.a.c.c.C.[.[localhost].[/journal] - Initializing Spring embedded WebApplicationContext
2026-08-13 17:34:13 [main] INFO  o.s.b.w.s.c.ServletWebServerApplicationContext - Root WebApplicationContext: initialization completed in 613 ms
2026-08-13 17:34:13 [main] INFO  org.mongodb.driver.client - MongoClient with metadata {"driver": {"name": "mongo-java-driver|sync|spring-boot", "version": "4.6.1"}, "os": {"type": "Windows", "name": "Windows 11", "architecture": "amd64", "version": "10.0"}, "platform": "Java/Oracle Corporation/25.0.1+8-27", "application": {"name": "Cluster0"}} created with settings MongoClientSettings{readPreference=primary, writeConcern=WriteConcern{w=null, wTimeout=null ms, journal=null}, retryWrites=true, retryReads=true, readConcern=ReadConcern{level=null}, credential=MongoCredential{mechanism=null, userName='afaqalam323_db_user', source='admin', password=<hidden>, mechanismProperties=<hidden>}, streamFactoryFactory=null, commandListeners=[], codecRegistry=ProvidersCodecRegistry{codecProviders=[ValueCodecProvider{}, BsonValueCodecProvider{}, DBRefCodecProvider{}, DBObjectCodecProvider{}, DocumentCodecProvider{}, IterableCodecProvider{}, MapCodecProvider{}, GeoJsonCodecProvider{}, GridFSFileCodecProvider{}, Jsr310CodecProvider{}, JsonObjectCodecProvider{}, BsonCodecProvider{}, EnumCodecProvider{}, com.mongodb.Jep395RecordCodecProvider@21b6c9c2]}, clusterSettings={hosts=[127.0.0.1:27017], srvHost=cluster0.vzemmp8.mongodb.net, srvServiceName=mongodb, mode=MULTIPLE, requiredClusterType=REPLICA_SET, requiredReplicaSetName='atlas-qapv5b-shard-0', serverSelector='null', clusterListeners='[]', serverSelectionTimeout='30000 ms', localThreshold='30000 ms'}, socketSettings=SocketSettings{connectTimeoutMS=10000, readTimeoutMS=0, receiveBufferSize=0, sendBufferSize=0}, heartbeatSocketSettings=SocketSettings{connectTimeoutMS=10000, readTimeoutMS=10000, receiveBufferSize=0, sendBufferSize=0}, connectionPoolSettings=ConnectionPoolSettings{maxSize=100, minSize=0, maxWaitTimeMS=120000, maxConnectionLifeTimeMS=0, maxConnectionIdleTimeMS=0, maintenanceInitialDelayMS=0, maintenanceFrequencyMS=60000, connectionPoolListeners=[], maxConnecting=2}, serverSettings=ServerSettings{heartbeatFrequencyMS=10000, minHeartbeatFrequencyMS=500, serverListeners='[]', serverMonitorListeners='[]'}, sslSettings=SslSettings{enabled=true, invalidHostNameAllowed=false, context=null}, applicationName='Cluster0', compressorList=[], uuidRepresentation=JAVA_LEGACY, serverApi=null, autoEncryptionSettings=null, contextProvider=null}
2026-08-13 17:34:13 [cluster-ClusterId{value='6a7db2bd8b22890e4cec6a37', description='null'}-srv-cluster0.vzemmp8.mongodb.net] INFO  org.mongodb.driver.cluster - Adding discovered server ac-itx4z4c-shard-00-00.vzemmp8.mongodb.net:27017 to client view of cluster
2026-08-13 17:34:13 [cluster-ClusterId{value='6a7db2bd8b22890e4cec6a37', description='null'}-srv-cluster0.vzemmp8.mongodb.net] INFO  org.mongodb.driver.cluster - Adding discovered server ac-itx4z4c-shard-00-02.vzemmp8.mongodb.net:27017 to client view of cluster
2026-08-13 17:34:13 [cluster-ClusterId{value='6a7db2bd8b22890e4cec6a37', description='null'}-srv-cluster0.vzemmp8.mongodb.net] INFO  org.mongodb.driver.cluster - Adding discovered server ac-itx4z4c-shard-00-01.vzemmp8.mongodb.net:27017 to client view of cluster
2026-08-13 17:34:13 [main] INFO  org.mongodb.driver.cluster - No server chosen by com.mongodb.client.internal.MongoClientDelegate$1@1bbddada from cluster description ClusterDescription{type=REPLICA_SET, connectionMode=MULTIPLE, serverDescriptions=[ServerDescription{address=ac-itx4z4c-shard-00-00.vzemmp8.mongodb.net:27017, type=UNKNOWN, state=CONNECTING}, ServerDescription{address=ac-itx4z4c-shard-00-01.vzemmp8.mongodb.net:27017, type=UNKNOWN, state=CONNECTING}, ServerDescription{address=ac-itx4z4c-shard-00-02.vzemmp8.mongodb.net:27017, type=UNKNOWN, state=CONNECTING}]}. Waiting for 30000 ms before timing out
2026-08-13 17:34:13 [cluster-rtt-ClusterId{value='6a7db2bd8b22890e4cec6a37', description='null'}-ac-itx4z4c-shard-00-01.vzemmp8.mongodb.net:27017] INFO  org.mongodb.driver.connection - Opened connection [connectionId{localValue:5, serverValue:95497}] to ac-itx4z4c-shard-00-01.vzemmp8.mongodb.net:27017
2026-08-13 17:34:13 [cluster-rtt-ClusterId{value='6a7db2bd8b22890e4cec6a37', description='null'}-ac-itx4z4c-shard-00-00.vzemmp8.mongodb.net:27017] INFO  org.mongodb.driver.connection - Opened connection [connectionId{localValue:6, serverValue:97339}] to ac-itx4z4c-shard-00-00.vzemmp8.mongodb.net:27017
2026-08-13 17:34:13 [cluster-ClusterId{value='6a7db2bd8b22890e4cec6a37', description='null'}-ac-itx4z4c-shard-00-01.vzemmp8.mongodb.net:27017] INFO  org.mongodb.driver.connection - Opened connection [connectionId{localValue:3, serverValue:95497}] to ac-itx4z4c-shard-00-01.vzemmp8.mongodb.net:27017
2026-08-13 17:34:13 [cluster-ClusterId{value='6a7db2bd8b22890e4cec6a37', description='null'}-ac-itx4z4c-shard-00-02.vzemmp8.mongodb.net:27017] INFO  org.mongodb.driver.connection - Opened connection [connectionId{localValue:2, serverValue:101473}] to ac-itx4z4c-shard-00-02.vzemmp8.mongodb.net:27017
2026-08-13 17:34:13 [cluster-ClusterId{value='6a7db2bd8b22890e4cec6a37', description='null'}-ac-itx4z4c-shard-00-00.vzemmp8.mongodb.net:27017] INFO  org.mongodb.driver.connection - Opened connection [connectionId{localValue:4, serverValue:97339}] to ac-itx4z4c-shard-00-00.vzemmp8.mongodb.net:27017
2026-08-13 17:34:13 [cluster-rtt-ClusterId{value='6a7db2bd8b22890e4cec6a37', description='null'}-ac-itx4z4c-shard-00-02.vzemmp8.mongodb.net:27017] INFO  org.mongodb.driver.connection - Opened connection [connectionId{localValue:1, serverValue:101448}] to ac-itx4z4c-shard-00-02.vzemmp8.mongodb.net:27017
2026-08-13 17:34:13 [cluster-ClusterId{value='6a7db2bd8b22890e4cec6a37', description='null'}-ac-itx4z4c-shard-00-00.vzemmp8.mongodb.net:27017] INFO  org.mongodb.driver.cluster - Monitor thread successfully connected to server with description ServerDescription{address=ac-itx4z4c-shard-00-00.vzemmp8.mongodb.net:27017, type=REPLICA_SET_SECONDARY, state=CONNECTED, ok=true, minWireVersion=0, maxWireVersion=25, maxDocumentSize=16777216, logicalSessionTimeoutMinutes=30, roundTripTimeNanos=187589700, setName='atlas-qapv5b-shard-0', canonicalAddress=ac-itx4z4c-shard-00-00.vzemmp8.mongodb.net:27017, hosts=[ac-itx4z4c-shard-00-02.vzemmp8.mongodb.net:27017, ac-itx4z4c-shard-00-00.vzemmp8.mongodb.net:27017, ac-itx4z4c-shard-00-01.vzemmp8.mongodb.net:27017], passives=[], arbiters=[], primary='ac-itx4z4c-shard-00-02.vzemmp8.mongodb.net:27017', tagSet=TagSet{[Tag{name='availabilityZone', value='aps1-az1'}, Tag{name='cacheState', value='READY'}, Tag{name='diskState', value='READY'}, Tag{name='nodeType', value='ELECTABLE'}, Tag{name='provider', value='AWS'}, Tag{name='region', value='AP_SOUTH_1'}, Tag{name='workloadType', value='OPERATIONAL'}]}, electionId=null, setVersion=244, topologyVersion=TopologyVersion{processId=6a7a3015ffb494b6ac6cc523, counter=15}, lastWriteDate=Thu Aug 13 17:34:13 IST 2026, lastUpdateTimeNanos=16335908987600}
2026-08-13 17:34:13 [cluster-ClusterId{value='6a7db2bd8b22890e4cec6a37', description='null'}-ac-itx4z4c-shard-00-01.vzemmp8.mongodb.net:27017] INFO  org.mongodb.driver.cluster - Monitor thread successfully connected to server with description ServerDescription{address=ac-itx4z4c-shard-00-01.vzemmp8.mongodb.net:27017, type=REPLICA_SET_SECONDARY, state=CONNECTED, ok=true, minWireVersion=0, maxWireVersion=25, maxDocumentSize=16777216, logicalSessionTimeoutMinutes=30, roundTripTimeNanos=186855900, setName='atlas-qapv5b-shard-0', canonicalAddress=ac-itx4z4c-shard-00-01.vzemmp8.mongodb.net:27017, hosts=[ac-itx4z4c-shard-00-02.vzemmp8.mongodb.net:27017, ac-itx4z4c-shard-00-00.vzemmp8.mongodb.net:27017, ac-itx4z4c-shard-00-01.vzemmp8.mongodb.net:27017], passives=[], arbiters=[], primary='ac-itx4z4c-shard-00-02.vzemmp8.mongodb.net:27017', tagSet=TagSet{[Tag{name='availabilityZone', value='aps1-az3'}, Tag{name='cacheState', value='READY'}, Tag{name='diskState', value='READY'}, Tag{name='nodeType', value='ELECTABLE'}, Tag{name='provider', value='AWS'}, Tag{name='region', value='AP_SOUTH_1'}, Tag{name='workloadType', value='OPERATIONAL'}]}, electionId=null, setVersion=244, topologyVersion=TopologyVersion{processId=6a7a3594533da2db865c91b2, counter=5}, lastWriteDate=Thu Aug 13 17:34:13 IST 2026, lastUpdateTimeNanos=16335908987600}
2026-08-13 17:34:13 [cluster-ClusterId{value='6a7db2bd8b22890e4cec6a37', description='null'}-ac-itx4z4c-shard-00-02.vzemmp8.mongodb.net:27017] INFO  org.mongodb.driver.cluster - Monitor thread successfully connected to server with description ServerDescription{address=ac-itx4z4c-shard-00-02.vzemmp8.mongodb.net:27017, type=REPLICA_SET_PRIMARY, state=CONNECTED, ok=true, minWireVersion=0, maxWireVersion=25, maxDocumentSize=16777216, logicalSessionTimeoutMinutes=30, roundTripTimeNanos=186760700, setName='atlas-qapv5b-shard-0', canonicalAddress=ac-itx4z4c-shard-00-02.vzemmp8.mongodb.net:27017, hosts=[ac-itx4z4c-shard-00-02.vzemmp8.mongodb.net:27017, ac-itx4z4c-shard-00-00.vzemmp8.mongodb.net:27017, ac-itx4z4c-shard-00-01.vzemmp8.mongodb.net:27017], passives=[], arbiters=[], primary='ac-itx4z4c-shard-00-02.vzemmp8.mongodb.net:27017', tagSet=TagSet{[Tag{name='availabilityZone', value='aps1-az2'}, Tag{name='cacheState', value='READY'}, Tag{name='diskState', value='READY'}, Tag{name='nodeType', value='ELECTABLE'}, Tag{name='provider', value='AWS'}, Tag{name='region', value='AP_SOUTH_1'}, Tag{name='workloadType', value='OPERATIONAL'}]}, electionId=7fffffff000000000000029f, setVersion=244, topologyVersion=TopologyVersion{processId=6a7a32f61f3e2c2ad063f6a0, counter=11}, lastWriteDate=Thu Aug 13 17:34:13 IST 2026, lastUpdateTimeNanos=16335908987600}
2026-08-13 17:34:13 [cluster-ClusterId{value='6a7db2bd8b22890e4cec6a37', description='null'}-ac-itx4z4c-shard-00-02.vzemmp8.mongodb.net:27017] INFO  org.mongodb.driver.cluster - Setting max election id to 7fffffff000000000000029f from replica set primary ac-itx4z4c-shard-00-02.vzemmp8.mongodb.net:27017
2026-08-13 17:34:13 [cluster-ClusterId{value='6a7db2bd8b22890e4cec6a37', description='null'}-ac-itx4z4c-shard-00-02.vzemmp8.mongodb.net:27017] INFO  org.mongodb.driver.cluster - Setting max set version to 244 from replica set primary ac-itx4z4c-shard-00-02.vzemmp8.mongodb.net:27017
2026-08-13 17:34:13 [cluster-ClusterId{value='6a7db2bd8b22890e4cec6a37', description='null'}-ac-itx4z4c-shard-00-02.vzemmp8.mongodb.net:27017] INFO  org.mongodb.driver.cluster - Discovered replica set primary ac-itx4z4c-shard-00-02.vzemmp8.mongodb.net:27017
2026-08-13 17:34:13 [main] INFO  org.mongodb.driver.connection - Opened connection [connectionId{localValue:7, serverValue:101463}] to ac-itx4z4c-shard-00-02.vzemmp8.mongodb.net:27017
2026-08-13 17:34:14 [main] INFO  o.s.s.web.DefaultSecurityFilterChain - Will secure any request with [org.springframework.security.web.session.DisableEncodeUrlFilter@7761e342, org.springframework.security.web.context.request.async.WebAsyncManagerIntegrationFilter@51f68849, org.springframework.security.web.context.SecurityContextPersistenceFilter@30508066, org.springframework.security.web.header.HeaderWriterFilter@7be94cd6, org.springframework.security.web.authentication.logout.LogoutFilter@7a36c83a, org.springframework.security.web.authentication.www.BasicAuthenticationFilter@54ccb3, org.springframework.security.web.savedrequest.RequestCacheAwareFilter@27e44e9c, org.springframework.security.web.servletapi.SecurityContextHolderAwareRequestFilter@13f40d71, org.springframework.security.web.authentication.AnonymousAuthenticationFilter@4eb9ae4d, org.springframework.security.web.session.SessionManagementFilter@3711c71c, org.springframework.security.web.access.ExceptionTranslationFilter@1ecf0ac6, org.springframework.security.web.access.intercept.AuthorizationFilter@6e3dd5ce]
2026-08-13 17:34:14 [main] INFO  o.a.coyote.http11.Http11NioProtocol - Starting ProtocolHandler ["http-nio-8080"]
2026-08-13 17:34:14 [main] INFO  o.s.b.w.e.tomcat.TomcatWebServer - Tomcat started on port(s): 8080 (http) with context path '/journal'
2026-08-13 17:34:14 [main] INFO  n.e.journalApp.JournalApplication - Started JournalApplication in 1.94 seconds (JVM running for 2.194)
2026-08-13 17:34:18 [http-nio-8080-exec-4] INFO  o.a.c.c.C.[.[localhost].[/journal] - Initializing Spring DispatcherServlet 'dispatcherServlet'
2026-08-13 17:34:18 [http-nio-8080-exec-4] INFO  o.s.web.servlet.DispatcherServlet - Initializing Servlet 'dispatcherServlet'
2026-08-13 17:34:18 [http-nio-8080-exec-4] INFO  o.s.web.servlet.DispatcherServlet - Completed initialization in 1 ms
2026-08-13 17:34:18 [http-nio-8080-exec-4] ERROR n.e.j.Controllers.UserController - credentials not passed properly
2026-08-13 17:34:26 [http-nio-8080-exec-3] ERROR n.e.j.Controllers.UserController - credentials not passed properly
2026-08-13 17:35:25 [main] ERROR o.s.boot.SpringApplication - Application run failed
java.lang.IllegalStateException: java.lang.IllegalStateException: Logback configuration error detected: 
ERROR in ch.qos.logback.core.joran.spi.Interpreter@4:11 - no applicable action for [file], current ElementPath  is [[configuration][file]]
	at org.springframework.boot.context.logging.LoggingApplicationListener.initializeSystem(LoggingApplicationListener.java:344)
	at org.springframework.boot.context.logging.LoggingApplicationListener.initialize(LoggingApplicationListener.java:298)
	at org.springframework.boot.context.logging.LoggingApplicationListener.onApplicationEnvironmentPreparedEvent(LoggingApplicationListener.java:246)
	at org.springframework.boot.context.logging.LoggingApplicationListener.onApplicationEvent(LoggingApplicationListener.java:223)
	at org.springframework.context.event.SimpleApplicationEventMulticaster.doInvokeListener(SimpleApplicationEventMulticaster.java:178)
	at org.springframework.context.event.SimpleApplicationEventMulticaster.invokeListener(SimpleApplicationEventMulticaster.java:171)
	at org.springframework.context.event.SimpleApplicationEventMulticaster.multicastEvent(SimpleApplicationEventMulticaster.java:145)
	at org.springframework.context.event.SimpleApplicationEventMulticaster.multicastEvent(SimpleApplicationEventMulticaster.java:133)
	at org.springframework.boot.context.event.EventPublishingRunListener.environmentPrepared(EventPublishingRunListener.java:85)
	at org.springframework.boot.SpringApplicationRunListeners.lambda$environmentPrepared$2(SpringApplicationRunListeners.java:66)
	at java.base/java.util.ArrayList.forEach(ArrayList.java:1604)
	at org.springframework.boot.SpringApplicationRunListeners.doWithListeners(SpringApplicationRunListeners.java:120)
	at org.springframework.boot.SpringApplicationRunListeners.doWithListeners(SpringApplicationRunListeners.java:114)
	at org.springframework.boot.SpringApplicationRunListeners.environmentPrepared(SpringApplicationRunListeners.java:65)
	at org.springframework.boot.SpringApplication.prepareEnvironment(SpringApplication.java:343)
	at org.springframework.boot.SpringApplication.run(SpringApplication.java:301)
	at org.springframework.boot.SpringApplication.run(SpringApplication.java:1303)
	at org.springframework.boot.SpringApplication.run(SpringApplication.java:1292)
	at net.engineeringdigest.journalApp.JournalApplication.main(JournalApplication.java:17)
Caused by: java.lang.IllegalStateException: Logback configuration error detected: 
ERROR in ch.qos.logback.core.joran.spi.Interpreter@4:11 - no applicable action for [file], current ElementPath  is [[configuration][file]]
	at org.springframework.boot.logging.logback.LogbackLoggingSystem.reportConfigurationErrorsIfNecessary(LogbackLoggingSystem.java:189)
	at org.springframework.boot.logging.logback.LogbackLoggingSystem.loadConfiguration(LogbackLoggingSystem.java:170)
	at org.springframework.boot.logging.logback.LogbackLoggingSystem.reinitialize(LogbackLoggingSystem.java:243)
	at org.springframework.boot.logging.AbstractLoggingSystem.initializeWithConventions(AbstractLoggingSystem.java:73)
	at org.springframework.boot.logging.AbstractLoggingSystem.initialize(AbstractLoggingSystem.java:60)
	at org.springframework.boot.logging.logback.LogbackLoggingSystem.initialize(LogbackLoggingSystem.java:132)
	at org.springframework.boot.context.logging.LoggingApplicationListener.initializeSystem(LoggingApplicationListener.java:329)
	... 18 common frames omitted
